// Jest Snapshot v1, https://goo.gl/fbAQLP

exports[`expect to render Color component 1`] = `ShallowWrapper {}`;
